// Jest Snapshot v1, https://goo.gl/fbAQLP

exports[`ToDoItem render correctly 1`] = `
<div>
  <div
    class="ml-3 list-item v-list-item theme--light"
    id="1"
    tabindex="-1"
  >
    <div
      class="v-input checkbox v-input--is-label-active v-input--is-dirty theme--light v-input--selection-controls v-input--checkbox primary--text"
    >
      <div
        class="v-input__control"
      >
        <div
          class="v-input__slot"
        >
          <div
            class="v-input--selection-controls__input"
          >
            <i
              aria-hidden="true"
              class="v-icon notranslate material-icons theme--light primary--text"
            >
              $checkboxOn
            </i>
            <input
              aria-checked="true"
              id="input-3"
              role="checkbox"
              type="checkbox"
              value=""
            />
            <div
              class="v-input--selection-controls__ripple primary--text"
            />
          </div>
        </div>
        <div
          class="v-messages theme--light primary--text"
        >
          <transition-group-stub
            class="v-messages__wrapper"
            name="message-transition"
            tag="div"
          />
        </div>
      </div>
    </div>
     
    <div
      class="v-list-item__content"
    >
      <div
        class="v-list-item__subtitle todo-text ma-0 completed"
      >
        Some text
      </div>
    </div>
     
    <div
      class="v-list-item__action"
    >
      <button
        class="edit-btn v-btn v-btn--flat v-btn--icon v-btn--round theme--light v-size--small primary--text"
        type="button"
      >
        <span
          class="v-btn__content"
        >
          <i
            aria-hidden="true"
            class="v-icon notranslate mdi mdi-pencil theme--light"
          />
        </span>
      </button>
    </div>
     
    <div
      class="v-list-item__action"
    >
      <button
        class="del-btn v-btn v-btn--flat v-btn--icon v-btn--round theme--light v-size--small primary--text"
        type="button"
      >
        <span
          class="v-btn__content"
        >
          <i
            aria-hidden="true"
            class="v-icon notranslate mdi mdi-delete theme--light"
          />
        </span>
      </button>
    </div>
  </div>
   
  <hr
    aria-orientation="horizontal"
    class="v-divider theme--dark"
    role="separator"
  />
</div>
`;
